// Jest Snapshot v1, https://goo.gl/fbAQLP

exports[`AddNotebook should match the snapshot 1`] = `
<span
  className="add-notebook"
>
  <input
    className="new-notebook"
    name="notebook"
    onBlur={[Function]}
    onKeyDown={[Function]}
    placeholder="Notebook name"
    type="text"
  />
</span>
`;
