// Jest Snapshot v1, https://goo.gl/fbAQLP

exports[`<NavListItem /> should match the snapshot 1`] = `
<ul
  className="notebook-list"
/>
`;
